MPASM  4.00 Released                                 LAB2.ASM   3-23-2021  12:06:29         PAGE  1


LOC  OBJECT CODE     LINE SOURCE TEXT
  VALUE

Warning[203]: Found opcode in column 1. (CLRF)
0000   0186           00001 CLRF h'06'   ;PORTB'nin içeriğini sıfırla
Warning[203]: Found opcode in column 1. (BSF)
0001   1683           00002 BSF h'03', 5 ;RP0=1 BANK1'e geç
Warning[203]: Found opcode in column 1. (BCF)
0002   1303           00003 BCF h'03', 6 ;RP1=0 BANK1'e geç
Warning[203]: Found opcode in column 1. (CLRF)
Message[302]: Register in operand not in bank 0.  Ensure that bank bits are correct.
0003   0186           00004 CLRF h'86'   ;PORTB'nin tüm uçlarını çıkış yap
Warning[203]: Found opcode in column 1. (BCF)
0004   1283           00005 BCF h'03', 5 ;RP0=0 BANK0'a geç
Warning[203]: Found opcode in column 1. (BCF)
0005   1303           00006 BCF h'03', 6 ;RP1=0 BANK0’a geç
Warning[203]: Found opcode in column 1. (BSF)
0006   1406           00007 BSF h'06', 0 ;PORTB'nin 0.bit'indeki LED'i yak
Warning[205]: Found directive in column 1. (END)
                      00008 END          ;Program komutlarının sonu
MPASM  4.00 Released                                 LAB2.ASM   3-23-2021  12:06:29         PAGE  2


SYMBOL TABLE
  LABEL                             VALUE 

__16F628A                         00000001


MEMORY USAGE MAP ('X' = Used,  '-' = Unused)

0000 : XXXXXXX--------- ---------------- ---------------- ----------------

All other memory blocks unused.

Program Memory Words Used:     7
Program Memory Words Free:  2041


Errors   :     0
Warnings :     8 reported,     0 suppressed
Messages :     1 reported,     0 suppressed

